Training algorithm on split data: rpart 
Training algorithm on full data: rpart 
Carregando pacotes exigidos: lattice
Confusion Matrix and Statistics

                 Reference
Prediction        E_bibronii E_bilineatus E_boulengeri E_brasiliensis
  E_bibronii               0            0            0              0
  E_bilineatus             0            4            0              0
  E_boulengeri             0            0            0              0
  E_brasiliensis           0            0            0              0
  E_capetinga              0            1            0              0
  E_catenatus              0            0            0              0
  E_catenatus2             0            0            0              0
  E_erythroceneus          0            0            0              0
  E_iheringii              5            1            1              2
  E_leechii                0            0            0              0
  E_perditus               0            0            0              0
  E_perditus2              0            0            0              0
  E_pictus                 0            0            0              0
                 Reference
Prediction        E_capetinga E_catenatus E_catenatus2 E_erythroceneus
  E_bibronii                0           0            0               0
  E_bilineatus              0           0            0               1
  E_boulengeri              0           0            0               0
  E_brasiliensis            0           0            0               0
  E_capetinga              13           0            0               0
  E_catenatus               0           0            0               0
  E_catenatus2              0           0            0               0
  E_erythroceneus           0           0            0               0
  E_iheringii               1           2            1               0
  E_leechii                 0           0            0               0
  E_perditus                0           0            0               0
  E_perditus2               0           0            0               0
  E_pictus                  0           0            0               0
                 Reference
Prediction        E_iheringii E_leechii E_perditus E_perditus2 E_pictus
  E_bibronii                0         0          0           0        0
  E_bilineatus              0         0          0           0        0
  E_boulengeri              0         0          0           0        0
  E_brasiliensis            0         0          0           0        0
  E_capetinga               0         0          0           0        0
  E_catenatus               0         0          0           0        0
  E_catenatus2              0         0          0           0        0
  E_erythroceneus           0         0          0           0        0
  E_iheringii               5         0          4           3        1
  E_leechii                 0         5          0           0        0
  E_perditus                0         0          0           0        0
  E_perditus2               0         0          0           0        0
  E_pictus                  0         0          0           0        0

Overall Statistics
                                          
               Accuracy : 0.54            
                 95% CI : (0.3932, 0.6819)
    No Information Rate : 0.28            
    P-Value [Acc > NIR] : 9.687e-05       
                                          
                  Kappa : 0.4573          
                                          
 Mcnemar's Test P-Value : NA              

Statistics by Class:

                     Class: E_bibronii Class: E_bilineatus Class: E_boulengeri
Sensitivity                        0.0              0.6667                0.00
Specificity                        1.0              0.9773                1.00
Pos Pred Value                     NaN              0.8000                 NaN
Neg Pred Value                     0.9              0.9556                0.98
Prevalence                         0.1              0.1200                0.02
Detection Rate                     0.0              0.0800                0.00
Detection Prevalence               0.0              0.1000                0.00
Balanced Accuracy                  0.5              0.8220                0.50
                     Class: E_brasiliensis Class: E_capetinga
Sensitivity                           0.00             0.9286
Specificity                           1.00             0.9722
Pos Pred Value                         NaN             0.9286
Neg Pred Value                        0.96             0.9722
Prevalence                            0.04             0.2800
Detection Rate                        0.00             0.2600
Detection Prevalence                  0.00             0.2800
Balanced Accuracy                     0.50             0.9504
                     Class: E_catenatus Class: E_catenatus2
Sensitivity                        0.00                0.00
Specificity                        1.00                1.00
Pos Pred Value                      NaN                 NaN
Neg Pred Value                     0.96                0.98
Prevalence                         0.04                0.02
Detection Rate                     0.00                0.00
Detection Prevalence               0.00                0.00
Balanced Accuracy                  0.50                0.50
                     Class: E_erythroceneus Class: E_iheringii Class: E_leechii
Sensitivity                            0.00             1.0000              1.0
Specificity                            1.00             0.5333              1.0
Pos Pred Value                          NaN             0.1923              1.0
Neg Pred Value                         0.98             1.0000              1.0
Prevalence                             0.02             0.1000              0.1
Detection Rate                         0.00             0.1000              0.1
Detection Prevalence                   0.00             0.5200              0.1
Balanced Accuracy                      0.50             0.7667              1.0
                     Class: E_perditus Class: E_perditus2 Class: E_pictus
Sensitivity                       0.00               0.00            0.00
Specificity                       1.00               1.00            1.00
Pos Pred Value                     NaN                NaN             NaN
Neg Pred Value                    0.92               0.94            0.98
Prevalence                        0.08               0.06            0.02
Detection Rate                    0.00               0.00            0.00
Detection Prevalence              0.00               0.00            0.00
Balanced Accuracy                 0.50               0.50            0.50
Training algorithm on split data: nnet 
Training algorithm on full data: nnet 
Confusion Matrix and Statistics

                 Reference
Prediction        E_bibronii E_bilineatus E_boulengeri E_brasiliensis
  E_bibronii               4            0            0              0
  E_bilineatus             0            4            0              0
  E_boulengeri             0            0            0              0
  E_brasiliensis           0            0            0              0
  E_capetinga              0            1            0              0
  E_catenatus              0            0            0              0
  E_catenatus2             0            0            0              0
  E_erythroceneus          0            0            0              0
  E_iheringii              1            1            0              0
  E_leechii                0            0            0              0
  E_perditus               0            0            1              2
  E_perditus2              0            0            0              0
  E_pictus                 0            0            0              0
                 Reference
Prediction        E_capetinga E_catenatus E_catenatus2 E_erythroceneus
  E_bibronii                0           0            0               1
  E_bilineatus              5           0            0               0
  E_boulengeri              0           0            0               0
  E_brasiliensis            0           0            0               0
  E_capetinga               8           0            1               0
  E_catenatus               0           0            0               0
  E_catenatus2              0           0            0               0
  E_erythroceneus           0           0            0               0
  E_iheringii               0           0            0               0
  E_leechii                 1           0            0               0
  E_perditus                0           2            0               0
  E_perditus2               0           0            0               0
  E_pictus                  0           0            0               0
                 Reference
Prediction        E_iheringii E_leechii E_perditus E_perditus2 E_pictus
  E_bibronii                1         0          0           1        1
  E_bilineatus              0         0          0           0        0
  E_boulengeri              0         0          0           0        0
  E_brasiliensis            0         0          0           0        0
  E_capetinga               0         1          0           0        0
  E_catenatus               0         0          0           0        0
  E_catenatus2              0         0          0           0        0
  E_erythroceneus           0         0          0           0        0
  E_iheringii               4         0          0           1        0
  E_leechii                 0         4          0           0        0
  E_perditus                0         0          4           1        0
  E_perditus2               0         0          0           0        0
  E_pictus                  0         0          0           0        0

Overall Statistics
                                          
               Accuracy : 0.56            
                 95% CI : (0.4125, 0.7001)
    No Information Rate : 0.28            
    P-Value [Acc > NIR] : 2.995e-05       
                                          
                  Kappa : 0.4888          
                                          
 Mcnemar's Test P-Value : NA              

Statistics by Class:

                     Class: E_bibronii Class: E_bilineatus Class: E_boulengeri
Sensitivity                     0.8000              0.6667                0.00
Specificity                     0.9111              0.8864                1.00
Pos Pred Value                  0.5000              0.4444                 NaN
Neg Pred Value                  0.9762              0.9512                0.98
Prevalence                      0.1000              0.1200                0.02
Detection Rate                  0.0800              0.0800                0.00
Detection Prevalence            0.1600              0.1800                0.00
Balanced Accuracy               0.8556              0.7765                0.50
                     Class: E_brasiliensis Class: E_capetinga
Sensitivity                           0.00             0.5714
Specificity                           1.00             0.9167
Pos Pred Value                         NaN             0.7273
Neg Pred Value                        0.96             0.8462
Prevalence                            0.04             0.2800
Detection Rate                        0.00             0.1600
Detection Prevalence                  0.00             0.2200
Balanced Accuracy                     0.50             0.7440
                     Class: E_catenatus Class: E_catenatus2
Sensitivity                        0.00                0.00
Specificity                        1.00                1.00
Pos Pred Value                      NaN                 NaN
Neg Pred Value                     0.96                0.98
Prevalence                         0.04                0.02
Detection Rate                     0.00                0.00
Detection Prevalence               0.00                0.00
Balanced Accuracy                  0.50                0.50
                     Class: E_erythroceneus Class: E_iheringii Class: E_leechii
Sensitivity                            0.00             0.8000           0.8000
Specificity                            1.00             0.9333           0.9778
Pos Pred Value                          NaN             0.5714           0.8000
Neg Pred Value                         0.98             0.9767           0.9778
Prevalence                             0.02             0.1000           0.1000
Detection Rate                         0.00             0.0800           0.0800
Detection Prevalence                   0.00             0.1400           0.1000
Balanced Accuracy                      0.50             0.8667           0.8889
                     Class: E_perditus Class: E_perditus2 Class: E_pictus
Sensitivity                     1.0000               0.00            0.00
Specificity                     0.8696               1.00            1.00
Pos Pred Value                  0.4000                NaN             NaN
Neg Pred Value                  1.0000               0.94            0.98
Prevalence                      0.0800               0.06            0.02
Detection Rate                  0.0800               0.00            0.00
Detection Prevalence            0.2000               0.00            0.00
Balanced Accuracy               0.9348               0.50            0.50
Training algorithm on split data: svmLinear 
Training algorithm on full data: svmLinear 
Confusion Matrix and Statistics

                 Reference
Prediction        E_bibronii E_bilineatus E_boulengeri E_brasiliensis
  E_bibronii               5            0            0              0
  E_bilineatus             0            5            0              0
  E_boulengeri             0            0            1              0
  E_brasiliensis           0            0            0              1
  E_capetinga              0            1            0              0
  E_catenatus              0            0            0              0
  E_catenatus2             0            0            0              1
  E_erythroceneus          0            0            0              0
  E_iheringii              0            0            0              0
  E_leechii                0            0            0              0
  E_perditus               0            0            0              0
  E_perditus2              0            0            0              0
  E_pictus                 0            0            0              0
                 Reference
Prediction        E_capetinga E_catenatus E_catenatus2 E_erythroceneus
  E_bibronii                0           0            0               0
  E_bilineatus              1           0            0               0
  E_boulengeri              0           0            0               0
  E_brasiliensis            0           2            0               0
  E_capetinga              13           0            0               0
  E_catenatus               0           0            0               0
  E_catenatus2              0           0            1               0
  E_erythroceneus           0           0            0               1
  E_iheringii               0           0            0               0
  E_leechii                 0           0            0               0
  E_perditus                0           0            0               0
  E_perditus2               0           0            0               0
  E_pictus                  0           0            0               0
                 Reference
Prediction        E_iheringii E_leechii E_perditus E_perditus2 E_pictus
  E_bibronii                0         0          0           1        0
  E_bilineatus              0         0          0           0        0
  E_boulengeri              1         0          0           0        0
  E_brasiliensis            1         0          0           0        0
  E_capetinga               0         0          0           0        0
  E_catenatus               0         0          0           0        0
  E_catenatus2              0         0          0           0        0
  E_erythroceneus           0         0          0           0        0
  E_iheringii               3         0          0           0        0
  E_leechii                 0         5          0           0        0
  E_perditus                0         0          3           0        0
  E_perditus2               0         0          1           2        0
  E_pictus                  0         0          0           0        1

Overall Statistics
                                          
               Accuracy : 0.82            
                 95% CI : (0.6856, 0.9142)
    No Information Rate : 0.28            
    P-Value [Acc > NIR] : 3.06e-15        
                                          
                  Kappa : 0.792           
                                          
 Mcnemar's Test P-Value : NA              

Statistics by Class:

                     Class: E_bibronii Class: E_bilineatus Class: E_boulengeri
Sensitivity                     1.0000              0.8333              1.0000
Specificity                     0.9778              0.9773              0.9796
Pos Pred Value                  0.8333              0.8333              0.5000
Neg Pred Value                  1.0000              0.9773              1.0000
Prevalence                      0.1000              0.1200              0.0200
Detection Rate                  0.1000              0.1000              0.0200
Detection Prevalence            0.1200              0.1200              0.0400
Balanced Accuracy               0.9889              0.9053              0.9898
                     Class: E_brasiliensis Class: E_capetinga
Sensitivity                         0.5000             0.9286
Specificity                         0.9375             0.9722
Pos Pred Value                      0.2500             0.9286
Neg Pred Value                      0.9783             0.9722
Prevalence                          0.0400             0.2800
Detection Rate                      0.0200             0.2600
Detection Prevalence                0.0800             0.2800
Balanced Accuracy                   0.7188             0.9504
                     Class: E_catenatus Class: E_catenatus2
Sensitivity                        0.00              1.0000
Specificity                        1.00              0.9796
Pos Pred Value                      NaN              0.5000
Neg Pred Value                     0.96              1.0000
Prevalence                         0.04              0.0200
Detection Rate                     0.00              0.0200
Detection Prevalence               0.00              0.0400
Balanced Accuracy                  0.50              0.9898
                     Class: E_erythroceneus Class: E_iheringii Class: E_leechii
Sensitivity                            1.00             0.6000              1.0
Specificity                            1.00             1.0000              1.0
Pos Pred Value                         1.00             1.0000              1.0
Neg Pred Value                         1.00             0.9574              1.0
Prevalence                             0.02             0.1000              0.1
Detection Rate                         0.02             0.0600              0.1
Detection Prevalence                   0.02             0.0600              0.1
Balanced Accuracy                      1.00             0.8000              1.0
                     Class: E_perditus Class: E_perditus2 Class: E_pictus
Sensitivity                     0.7500             0.6667            1.00
Specificity                     1.0000             0.9787            1.00
Pos Pred Value                  1.0000             0.6667            1.00
Neg Pred Value                  0.9787             0.9787            1.00
Prevalence                      0.0800             0.0600            0.02
Detection Rate                  0.0600             0.0400            0.02
Detection Prevalence            0.0600             0.0600            0.02
Balanced Accuracy               0.8750             0.8227            1.00
Training algorithm on split data: rf 
Training algorithm on full data: rf 

Execução interrompida
